// Jest Snapshot v1, https://goo.gl/fbAQLP

exports[`server.js model [GET] / works also using jest syntax 1`] = `
Object {
  "api": "up",
}
`;
